// Jest Snapshot v1, https://goo.gl/fbAQLP

exports[`should render correctly 1`] = `ShallowWrapper {}`;

exports[`should render with alt data correctly 1`] = `ShallowWrapper {}`;
