// Jest Snapshot v1, https://goo.gl/fbAQLP

exports[`ExpenseForm should set new date on date change 1`] = `ShallowWrapper {}`;
